Removed Pin From Net: NetName=MUX_ADD2 Pin=U1-41
Removed Pin From Net: NetName=MUX_ADD3 Pin=U1-46
Change Component Designator: OldDesignator=D1 NewDesignator=D3
Change Component Designator: OldDesignator=D2 NewDesignator=D4
Change Component Designator: OldDesignator=D3 NewDesignator=D5
Change Component Designator: OldDesignator=J1 NewDesignator=J3
Change Component Designator: OldDesignator=J2 NewDesignator=J4
Change Component Designator: OldDesignator=J3 NewDesignator=J8
Change Component Designator: OldDesignator=J4 NewDesignator=J9
Change Component Designator: OldDesignator=J5 NewDesignator=J11
Change Component Designator: OldDesignator=J6 NewDesignator=J12
Change Component Designator: OldDesignator=J7 NewDesignator=J13
Change Component Designator: OldDesignator=J8 NewDesignator=J14
Change Component Designator: OldDesignator=J9 NewDesignator=J16
Change Component Designator: OldDesignator=J10 NewDesignator=J17
Change Component Designator: OldDesignator=J11 NewDesignator=J18
Change Component Designator: OldDesignator=J12 NewDesignator=J19
Change Component Designator: OldDesignator=j13 NewDesignator=j21
Change Component Designator: OldDesignator=J14 NewDesignator=J22
Change Component Designator: OldDesignator=R3 NewDesignator=R7
Change Component Designator: OldDesignator=R4 NewDesignator=R8
Change Component Designator: OldDesignator=R5 NewDesignator=R9
Change Component Designator: OldDesignator=R6 NewDesignator=R10
Change Component Designator: OldDesignator=R7 NewDesignator=R11
Change Component Designator: OldDesignator=R8 NewDesignator=R15
Change Component Designator: OldDesignator=R9 NewDesignator=R18
Change Component Designator: OldDesignator=U8 NewDesignator=U9
Change Component Designator: OldDesignator=U9 NewDesignator=U10
Change Component Designator: OldDesignator=U10 NewDesignator=U11
Change Component Designator: OldDesignator=U11 NewDesignator=U12
Added Component: Designator=D1(Diode)
Added Component: Designator=D2(Diode)
Added Component: Designator=J1(XH 4PIN)
Added Component: Designator=J2(XH 4PIN)
Added Component: Designator=J5(XH 4PIN)
Added Component: Designator=J6(XH 7PIN)
Added Component: Designator=J7(XH 7PIN)
Added Component: Designator=J10(XH 2pin)
Added Component: Designator=J15(XH 2pin)
Added Component: Designator=J20(XH 2pin)
Added Component: Designator=R3(RES1206)
Added Component: Designator=R4(inductor)
Added Component: Designator=R5(RES1206)
Added Component: Designator=R6(RES1206)
Added Component: Designator=R12(RES1206)
Added Component: Designator=R13(RES1206)
Added Component: Designator=R14(RES1206)
Added Component: Designator=R16(RES1206)
Added Component: Designator=R17(RES1206)
Added Component: Designator=T1(IRF540S)
Added Component: Designator=T2(FDD6690A)
Added Component: Designator=T3(FDD6690A)
Added Component: Designator=U8(Relay 5V 10A)
Added Component: Designator=U?(OpenMV)
Added Pin To Net: NetName=VCC Pin=D1-2
Added Pin To Net: NetName=GND Pin=J1-1
Added Pin To Net: NetName=VCC Pin=J1-2
Added Pin To Net: NetName=SCL Pin=J1-3
Added Pin To Net: NetName=SDA Pin=J1-4
Added Pin To Net: NetName=GND Pin=J2-1
Added Pin To Net: NetName=VCC Pin=J2-2
Added Pin To Net: NetName=SCL Pin=J2-3
Added Pin To Net: NetName=SDA Pin=J2-4
Added Pin To Net: NetName=GND Pin=J5-1
Added Pin To Net: NetName=SWCLK Pin=J5-2
Added Pin To Net: NetName=SWIO Pin=J5-3
Added Pin To Net: NetName=GND Pin=J6-1
Added Pin To Net: NetName=VCC Pin=J6-2
Added Pin To Net: NetName=MUX_ADD1 Pin=J6-3
Added Pin To Net: NetName=MUX_ADD2 Pin=J6-4
Added Pin To Net: NetName=MUX_ADD3 Pin=J6-5
Added Pin To Net: NetName=MUX_ADD4 Pin=J6-6
Added Pin To Net: NetName=ADC7 Pin=J6-7
Added Pin To Net: NetName=GND Pin=J7-1
Added Pin To Net: NetName=VCC Pin=J7-2
Added Pin To Net: NetName=MUX_ADD1 Pin=J7-3
Added Pin To Net: NetName=MUX_ADD2 Pin=J7-4
Added Pin To Net: NetName=MUX_ADD3 Pin=J7-5
Added Pin To Net: NetName=MUX_ADD4 Pin=J7-6
Added Pin To Net: NetName=ADC6 Pin=J7-7
Added Pin To Net: NetName=GND Pin=J10-2
Added Pin To Net: NetName=GND Pin=J15-2
Added Pin To Net: NetName=+12 Pin=J20-1
Added Pin To Net: NetName=ID Pin=R3-1
Added Pin To Net: NetName=VCC Pin=R3-2
Added Pin To Net: NetName=+12 Pin=R4-1
Added Pin To Net: NetName=GND Pin=R6-1
Added Pin To Net: NetName=ID Pin=R6-2
Added Pin To Net: NetName=SHOOT Pin=R12-2
Added Pin To Net: NetName=GND Pin=R13-1
Added Pin To Net: NetName=GND Pin=R14-2
Added Pin To Net: NetName=SPIN Pin=R16-2
Added Pin To Net: NetName=GND Pin=R17-2
Added Pin To Net: NetName=GND Pin=T1-3
Added Pin To Net: NetName=GND Pin=T2-3
Added Pin To Net: NetName=GND Pin=T3-3
Added Pin To Net: NetName=MUX_ADD2 Pin=U1-19
Added Pin To Net: NetName=MUX_ADD3 Pin=U1-41
Added Pin To Net: NetName=VCC Pin=U8-3
Added Pin To Net: NetName=SCL Pin=U?-5
Added Pin To Net: NetName=SDA Pin=U?-6
Added Pin To Net: NetName=GND Pin=U?-9
Added Pin To Net: NetName=VCC Pin=U?-10
Change Net Name : Old Net Name=COMMUNICATION_MODULE New Net Name=RCJ_COM
Change Net Name : Old Net Name=NetD1_1 New Net Name=NetD3_1
Change Net Name : Old Net Name=NetD2_1 New Net Name=NetD4_1
Change Net Name : Old Net Name=NetD2_2 New Net Name=NetD4_2
Change Net Name : Old Net Name=NetD3_1 New Net Name=NetD5_1
Added Pin To Net: NetName=BOOST_CTRL Pin=R5-1
Added Pin To Net: NetName=BOOST_CTRL Pin=U1-46
Added Net: Name=BOOST_CTRL
Added Pin To Net: NetName=NetD1_1 Pin=D1-1
Added Pin To Net: NetName=NetD1_1 Pin=J5-4
Added Net: Name=NetD1_1
Added Pin To Net: NetName=NetD2_1 Pin=D2-1
Added Pin To Net: NetName=NetD2_1 Pin=R4-2
Added Pin To Net: NetName=NetD2_1 Pin=T1-4
Added Net: Name=NetD2_1
Added Pin To Net: NetName=NetJ10_1 Pin=J10-1
Added Pin To Net: NetName=NetJ10_1 Pin=U8-1
Added Net: Name=NetJ10_1
Added Pin To Net: NetName=NetJ20_2 Pin=J20-2
Added Pin To Net: NetName=NetJ20_2 Pin=T3-4
Added Net: Name=NetJ20_2
Added Pin To Net: NetName=NetR5_2 Pin=R5-2
Added Pin To Net: NetName=NetR5_2 Pin=R13-2
Added Pin To Net: NetName=NetR5_2 Pin=T1-1
Added Net: Name=NetR5_2
Added Pin To Net: NetName=NetR12_1 Pin=R12-1
Added Pin To Net: NetName=NetR12_1 Pin=R14-1
Added Pin To Net: NetName=NetR12_1 Pin=T2-1
Added Net: Name=NetR12_1
Added Pin To Net: NetName=NetR16_1 Pin=R16-1
Added Pin To Net: NetName=NetR16_1 Pin=R17-1
Added Pin To Net: NetName=NetR16_1 Pin=T3-1
Added Net: Name=NetR16_1
Added Pin To Net: NetName=NetT2_4 Pin=T2-4
Added Pin To Net: NetName=NetT2_4 Pin=U8-4
Added Net: Name=NetT2_4
Added Pin To Net: NetName=VBOOST Pin=D2-2
Added Pin To Net: NetName=VBOOST Pin=J15-1
Added Pin To Net: NetName=VBOOST Pin=U8-5
Added Net: Name=VBOOST
Added Member To Class: ClassName=ATT-Light Member=Component D4 DIODE
Added Member To Class: ClassName=ATT-Light Member=Component D5 LED
Added Member To Class: ClassName=ATT-Light Member=Component J15 XH2
Added Member To Class: ClassName=ATT-Light Member=Component J16 XH3
Added Member To Class: ClassName=ATT-Light Member=Component J17 XH3
Added Member To Class: ClassName=ATT-Light Member=Component J18 XH3
Added Member To Class: ClassName=ATT-Light Member=Component J19 XH3
Added Member To Class: ClassName=ATT-Light Member=Component J20 XH2
Added Member To Class: ClassName=ATT-Light Member=Component j21 XT60
Added Member To Class: ClassName=ATT-Light Member=Component J22 H2
Added Member To Class: ClassName=ATT-Light Member=Component R10 10K
Added Member To Class: ClassName=ATT-Light Member=Component R11 10K
Added Member To Class: ClassName=ATT-Light Member=Component R12 100
Added Member To Class: ClassName=ATT-Light Member=Component R13 10K
Added Member To Class: ClassName=ATT-Light Member=Component R14 10K
Added Member To Class: ClassName=ATT-Light Member=Component R15 1K
Added Member To Class: ClassName=ATT-Light Member=Component R16 100
Added Member To Class: ClassName=ATT-Light Member=Component R17 10K
Added Member To Class: ClassName=ATT-Light Member=Component R18 1K
Added Member To Class: ClassName=ATT-Light Member=Component T1 IRF540
Added Member To Class: ClassName=ATT-Light Member=Component T2 FDD
Added Member To Class: ClassName=ATT-Light Member=Component T3 FDD
Added Member To Class: ClassName=ATT-Light Member=Component U12 LF33
Added Member To Class: ClassName=ATT-Light Member=Component U? OpenMV
Added Room: Name=ATT-Light
