Removed Pin From Net: NetName=NetC1_1 Pin=U72-1
Removed Pin From Net: NetName=NetC1_1 Pin=U72-
Removed Pin From Net: NetName=NetC1_1 Pin=U72-
Removed Pin From Net: NetName=NetC1_1 Pin=U72-
Removed Pin From Net: NetName=NetC1_1 Pin=U72-
Removed Pin From Net: NetName=NetC1_1 Pin=U72-
Removed Pin From Net: NetName=NetC1_1 Pin=U72-
Removed Pin From Net: NetName=NetC1_1 Pin=U72-
Removed Pin From Net: NetName=NetC1_1 Pin=U72-
Removed Pin From Net: NetName=NRST Pin=U74-1
Removed Pin From Net: NetName=NRST Pin=U74-
Removed Pin From Net: NetName=NRST Pin=U74-
Removed Pin From Net: NetName=NRST Pin=U74-
Removed Pin From Net: NetName=NRST Pin=U74-
Removed Pin From Net: NetName=NRST Pin=U74-
Removed Pin From Net: NetName=NRST Pin=U74-
Removed Pin From Net: NetName=NRST Pin=U74-
Removed Pin From Net: NetName=NRST Pin=U74-
Removed Pin From Net: NetName=+12 Pin=U75-1
Removed Pin From Net: NetName=+12 Pin=U75-
Removed Pin From Net: NetName=+12 Pin=U75-
Removed Pin From Net: NetName=+12 Pin=U75-
Removed Pin From Net: NetName=+12 Pin=U75-
Removed Pin From Net: NetName=+12 Pin=U75-
Removed Pin From Net: NetName=+12 Pin=U75-
Removed Pin From Net: NetName=+12 Pin=U75-
Removed Pin From Net: NetName=+12 Pin=U75-
Removed Pin From Net: NetName=VCC Pin=U76-1
Removed Pin From Net: NetName=VCC Pin=U76-
Removed Pin From Net: NetName=VCC Pin=U76-
Removed Pin From Net: NetName=VCC Pin=U76-
Removed Pin From Net: NetName=VCC Pin=U76-
Removed Pin From Net: NetName=VCC Pin=U76-
Removed Pin From Net: NetName=VCC Pin=U76-
Removed Pin From Net: NetName=VCC Pin=U76-
Removed Pin From Net: NetName=VCC Pin=U76-
Removed Member From Class: ClassName=ATT-Light Member=U?
Change Component Designator: OldDesignator=J6 NewDesignator=J19
Change Component Designator: OldDesignator=J7 NewDesignator=J20
Change Component Designator: OldDesignator=J8 NewDesignator=J6
Change Component Designator: OldDesignator=J9 NewDesignator=J7
Change Component Designator: OldDesignator=J10 NewDesignator=J12
Change Component Designator: OldDesignator=J11 NewDesignator=J8
Change Component Designator: OldDesignator=J12 NewDesignator=J9
Change Component Designator: OldDesignator=J13 NewDesignator=J10
Change Component Designator: OldDesignator=J14 NewDesignator=J11
Change Component Designator: OldDesignator=J15 NewDesignator=J13
Change Component Designator: OldDesignator=J16 NewDesignator=J14
Change Component Designator: OldDesignator=J17 NewDesignator=J15
Change Component Designator: OldDesignator=J18 NewDesignator=J16
Change Component Designator: OldDesignator=J19 NewDesignator=J17
Change Component Designator: OldDesignator=J20 NewDesignator=J21
Change Component Designator: OldDesignator=j21 NewDesignator=j18
Change Component Designator: OldDesignator=R5 NewDesignator=R6
Change Component Designator: OldDesignator=R6 NewDesignator=R7
Change Component Designator: OldDesignator=R7 NewDesignator=R8
Change Component Designator: OldDesignator=R8 NewDesignator=R9
Change Component Designator: OldDesignator=R9 NewDesignator=R10
Change Component Designator: OldDesignator=R10 NewDesignator=R11
Change Component Designator: OldDesignator=R11 NewDesignator=R12
Change Component Designator: OldDesignator=R12 NewDesignator=R13
Change Component Designator: OldDesignator=R13 NewDesignator=R14
Change Component Designator: OldDesignator=R14 NewDesignator=R16
Change Component Designator: OldDesignator=R15 NewDesignator=R17
Change Component Designator: OldDesignator=R16 NewDesignator=R19
Change Component Designator: OldDesignator=R17 NewDesignator=R20
Change Component Designator: OldDesignator=U8 NewDesignator=U10
Change Component Designator: OldDesignator=U9 NewDesignator=U11
Change Component Designator: OldDesignator=U10 NewDesignator=U12
Change Component Designator: OldDesignator=U11 NewDesignator=U13
Change Component Designator: OldDesignator=U12 NewDesignator=U14
Change Component Designator: OldDesignator=U? NewDesignator=U9
Added Component: Designator=R5(RES1206)
Added Component: Designator=R15(RES1206)
Added Component: Designator=R?(RES1206)
Added Component: Designator=U8(HC05)
Added Pin To Net: NetName=ADC8 Pin=R5-1
Added Pin To Net: NetName=VBOOST Pin=R5-2
Added Pin To Net: NetName=GND Pin=R15-1
Added Pin To Net: NetName=ADC8 Pin=R15-2
Added Pin To Net: NetName=VCC Pin=R?-1
Added Pin To Net: NetName=VCC Pin=U8-2
Added Pin To Net: NetName=GND Pin=U8-3
Added Pin To Net: NetName=RX Pin=U8-4
Added Pin To Net: NetName=TX Pin=U8-5
Change Net Name : Old Net Name=NetJ10_1 New Net Name=NetJ12_1
Change Net Name : Old Net Name=NetJ20_2 New Net Name=NetJ21_2
Change Net Name : Old Net Name=NetR5_2 New Net Name=NetR6_2
Change Net Name : Old Net Name=NetR12_1 New Net Name=NetR13_1
Change Net Name : Old Net Name=NetR16_1 New Net Name=NetR19_1
Added Pin To Net: NetName=NetR?_2 Pin=R?-2
Added Pin To Net: NetName=NetR?_2 Pin=U8-1
Added Net: Name=NetR?_2
Added Member To Class: ClassName=ATT-Light Member=Component D1 DIODE
Added Member To Class: ClassName=ATT-Light Member=Component D2 DIODE
Added Member To Class: ClassName=ATT-Light Member=Component D3 LED
Added Member To Class: ClassName=ATT-Light Member=Component J1 XH4
Added Member To Class: ClassName=ATT-Light Member=Component J2 XH4
Added Member To Class: ClassName=ATT-Light Member=Component J4 XH2
Added Member To Class: ClassName=ATT-Light Member=Component J5 XH4
Added Member To Class: ClassName=ATT-Light Member=Component J6 XH2
Added Member To Class: ClassName=ATT-Light Member=Component J8 XH3
Added Member To Class: ClassName=ATT-Light Member=Component J9 XH3
Added Member To Class: ClassName=ATT-Light Member=Component J11 XH3
Added Member To Class: ClassName=ATT-Light Member=Component J12 XH2
Added Member To Class: ClassName=ATT-Light Member=Component J19 XH7
Added Member To Class: ClassName=ATT-Light Member=Component J21 XH2
Added Member To Class: ClassName=ATT-Light Member=Component R3 10K
Added Member To Class: ClassName=ATT-Light Member=Component R4 100mH
Added Member To Class: ClassName=ATT-Light Member=Component R5 10K
Added Member To Class: ClassName=ATT-Light Member=Component R6 100
Added Member To Class: ClassName=ATT-Light Member=Component R19 100
Added Member To Class: ClassName=ATT-Light Member=Component R20 10K
Added Member To Class: ClassName=ATT-Light Member=Component R? RES
Added Member To Class: ClassName=ATT-Light Member=Component U8 BT
Added Member To Class: ClassName=ATT-Light Member=Component U11 Oscilator
Added Member To Class: ClassName=ATT-Light Member=Component U13 1117
Added Member To Class: ClassName=ATT-Light Member=Component U14 LF33
Added Room: Name=ATT-Light
