Removed Pin From Net: NetName=GND Pin=J1-1
Removed Pin From Net: NetName=VCC Pin=J1-2
Removed Pin From Net: NetName=GND Pin=J2-1
Removed Pin From Net: NetName=VCC Pin=J2-2
Added Component: Designator=C30(CAP1206)
Added Component: Designator=C31(CAP1206)
Added Pin To Net: NetName=GND Pin=C30-1
Added Pin To Net: NetName=VCC Pin=C30-2
Added Pin To Net: NetName=GND Pin=C31-1
Added Pin To Net: NetName=VCC Pin=C31-2
Added Pin To Net: NetName=VCC Pin=J1-1
Added Pin To Net: NetName=GND Pin=J1-2
Added Pin To Net: NetName=VCC Pin=J2-1
Added Pin To Net: NetName=GND Pin=J2-2
Added Member To Class: ClassName=ATT-Light Member=Component C22 CAP
Added Member To Class: ClassName=ATT-Light Member=Component C23 CAP
Added Member To Class: ClassName=ATT-Light Member=Component C24 CAP
Added Member To Class: ClassName=ATT-Light Member=Component C26 1000uF
Added Member To Class: ClassName=ATT-Light Member=Component C27 1000uF
Added Member To Class: ClassName=ATT-Light Member=Component C29 1000uF
Added Member To Class: ClassName=ATT-Light Member=Component C30 CAP
Added Member To Class: ClassName=ATT-Light Member=Component C30 1000uF
Added Member To Class: ClassName=ATT-Light Member=Component C31 1000uF
