Change Component Designator: Old Designator=J6 New Designator=J19
Change Component Designator: Old Designator=J7 New Designator=J20
Change Component Designator: Old Designator=J8 New Designator=J6
Change Component Designator: Old Designator=J9 New Designator=J7
Change Component Designator: Old Designator=J10 New Designator=J12
Change Component Designator: Old Designator=J11 New Designator=J8
Change Component Designator: Old Designator=J12 New Designator=J9
Change Component Designator: Old Designator=J13 New Designator=J10
Change Component Designator: Old Designator=J14 New Designator=J11
Change Component Designator: Old Designator=J15 New Designator=J13
Change Component Designator: Old Designator=J16 New Designator=J14
Change Component Designator: Old Designator=J17 New Designator=J15
Change Component Designator: Old Designator=J18 New Designator=J16
Change Component Designator: Old Designator=J19 New Designator=J17
Change Component Designator: Old Designator=J20 New Designator=J21
Change Component Designator: Old Designator=j21 New Designator=j18
Change Component Designator: Old Designator=R5 New Designator=R6
Change Component Designator: Old Designator=R6 New Designator=R7
Change Component Designator: Old Designator=R7 New Designator=R8
Change Component Designator: Old Designator=R8 New Designator=R9
Change Component Designator: Old Designator=R9 New Designator=R10
Change Component Designator: Old Designator=R10 New Designator=R11
Change Component Designator: Old Designator=R11 New Designator=R12
Change Component Designator: Old Designator=R12 New Designator=R13
Change Component Designator: Old Designator=R13 New Designator=R14
Change Component Designator: Old Designator=R14 New Designator=R16
Change Component Designator: Old Designator=R15 New Designator=R17
Change Component Designator: Old Designator=R16 New Designator=R19
Change Component Designator: Old Designator=R17 New Designator=R20
Change Component Designator: Old Designator=R? New Designator=R5
Change Component Designator: Old Designator=R? New Designator=R15
Change Component Designator: Old Designator=U8 New Designator=U9
Change Component Designator: Old Designator=U9 New Designator=U10
Change Component Designator: Old Designator=U10 New Designator=U11
Change Component Designator: Old Designator=U11 New Designator=U12
Change Component Designator: Old Designator=U12 New Designator=U13
Change Component Designator: Old Designator=U? New Designator=U8
