Added Component: Designator=C1(CAP1206)
Added Component: Designator=C2(CAP1206)
Added Component: Designator=C3(CAP1206)
Added Component: Designator=C4(CAP1206)
Added Component: Designator=C5(CAP1206)
Added Component: Designator=C6(CAP1206)
Added Component: Designator=C7(CAP1206)
Added Component: Designator=C8(CAP1206)
Added Component: Designator=C9(CAP1206)
Added Component: Designator=C10(CAP1206)
Added Component: Designator=C11(CAP1206)
Added Component: Designator=C12(CAP1206)
Added Component: Designator=C13(CAP1206)
Added Component: Designator=C14(CAP1206)
Added Component: Designator=C15(CAP1206)
Added Component: Designator=C16(CAP1206)
Added Component: Designator=C17(CAP SMD 100uF 16V)
Added Component: Designator=C18(CAP SMD 100uF 16V)
Added Component: Designator=D1(LED GREEN 1206)
Added Component: Designator=D2(Diode)
Added Component: Designator=D3(LED GREEN 1206)
Added Component: Designator=J1(XH 2pin)
Added Component: Designator=J2(XH 2pin)
Added Component: Designator=J3(XH 2pin)
Added Component: Designator=J4(XH 2pin)
Added Component: Designator=j5(XT60)
Added Component: Designator=J6(H2 MOLEX)
Added Component: Designator=R1(RES1206)
Added Component: Designator=R2(RES1206)
Added Component: Designator=R3(RES1206)
Added Component: Designator=R4(RES1206)
Added Component: Designator=R5(RES1206)
Added Component: Designator=R6(RES1206)
Added Component: Designator=R7(RES1206)
Added Component: Designator=R8(RES1206)
Added Component: Designator=R9(RES1206)
Added Component: Designator=SW1(DIP Switch 2)
Added Component: Designator=SW2(pushbutton)
Added Component: Designator=SW3(pushbutton)
Added Component: Designator=SW4(pushbutton)
Added Component: Designator=SW5(SPDT Switch)
Added Component: Designator=SW6(SPDT Switch)
Added Component: Designator=U1(STM32F103C8T6)
Added Component: Designator=U2(TDAxis12)
Added Component: Designator=U3(L6201)
Added Component: Designator=U4(L6201)
Added Component: Designator=U5(OLED SH1106)
Added Component: Designator=U6(L6201)
Added Component: Designator=U7(L6201)
Added Component: Designator=U8(Crystal Oscilator)
Added Component: Designator=U9(7805 (SOT-252))
Added Component: Designator=U10(AMS1117)
Added Component: Designator=U11(LF33)
Added Net: Name=+12
Added Net: Name=ADC0
Added Net: Name=ADC1
Added Net: Name=ADC2
Added Net: Name=ADC3
Added Net: Name=ADC4
Added Net: Name=ADC5
Added Net: Name=ADC6
Added Net: Name=ADC7
Added Net: Name=ADC8
Added Net: Name=ADC9
Added Net: Name=BOOT0
Added Net: Name=COMMUNICATION_MODULE
Added Net: Name=DIP1
Added Net: Name=DIP2
Added Net: Name=GND
Added Net: Name=ID
Added Net: Name=IN1
Added Net: Name=IN2
Added Net: Name=IN3
Added Net: Name=IN4
Added Net: Name=MUX_ADD1
Added Net: Name=MUX_ADD2
Added Net: Name=MUX_ADD3
Added Net: Name=MUX_ADD4
Added Net: Name=NetC1_1
Added Net: Name=NetC2_1
Added Net: Name=NetC3_1
Added Net: Name=NetC3_2
Added Net: Name=NetC4_1
Added Net: Name=NetC4_2
Added Net: Name=NetC5_1
Added Net: Name=NetC6_1
Added Net: Name=NetC7_2
Added Net: Name=NetC8_2
Added Net: Name=NetC9_1
Added Net: Name=NetC10_1
Added Net: Name=NetC11_1
Added Net: Name=NetC11_2
Added Net: Name=NetC12_1
Added Net: Name=NetC12_2
Added Net: Name=NetC13_1
Added Net: Name=NetC14_1
Added Net: Name=NetC15_2
Added Net: Name=NetC16_2
Added Net: Name=NetC17_2
Added Net: Name=NetD1_1
Added Net: Name=NetD2_1
Added Net: Name=NetD2_2
Added Net: Name=NetD3_1
Added Net: Name=NetSW6_1
Added Net: Name=NRST
Added Net: Name=OSC_IN
Added Net: Name=OSC_OUT
Added Net: Name=PWM1
Added Net: Name=PWM2
Added Net: Name=PWM3
Added Net: Name=PWM4
Added Net: Name=RX
Added Net: Name=SCL
Added Net: Name=SDA
Added Net: Name=SHOOT
Added Net: Name=SPIN
Added Net: Name=SW1
Added Net: Name=SWCLK
Added Net: Name=SWIO
Added Net: Name=TX
Added Net: Name=VCC
Added Class: Name=ATT-Light
Added Room: Name=ATT-Light
