Change Component Designator: OldDesignator=C22 NewDesignator=C23
Change Component Designator: OldDesignator=C23 NewDesignator=C24
Change Component Designator: OldDesignator=C24 NewDesignator=C25
Change Component Designator: OldDesignator=C25 NewDesignator=C26
Change Component Designator: OldDesignator=C26 NewDesignator=C27
Change Component Designator: OldDesignator=C27 NewDesignator=C28
Change Component Designator: OldDesignator=C28 NewDesignator=C29
Change Component Designator: OldDesignator=C29 NewDesignator=C30
Change Component Designator: OldDesignator=C30 NewDesignator=C31
Added Component: Designator=C22(CAP SMD 100uF 16V)
Added Pin To Net: NetName=GND Pin=C22-1
Added Pin To Net: NetName=VCC Pin=C22-2
Added Member To Class: ClassName=ATT-Light Member=Component C17 CAP
Added Member To Class: ClassName=ATT-Light Member=Component C18 CAP
Added Member To Class: ClassName=ATT-Light Member=Component C19 CAP
Added Member To Class: ClassName=ATT-Light Member=Component C21 CAP
Added Member To Class: ClassName=ATT-Light Member=Component C22 CAP
Added Member To Class: ClassName=ATT-Light Member=Component C23 CAP
Added Member To Class: ClassName=ATT-Light Member=Component C24 CAP
Added Member To Class: ClassName=ATT-Light Member=Component C31 1000uF
