Added Component: Designator=C1(CAP1206)
Added Component: Designator=C2(CAP1206)
Added Component: Designator=C3(CAP1206)
Added Component: Designator=C4(CAP1206)
Added Component: Designator=C5(CAP1206)
Added Component: Designator=C6(CAP1206)
Added Component: Designator=C7(CAP1206)
Added Component: Designator=C8(CAP1206)
Added Component: Designator=C9(CAP1206)
Added Component: Designator=C10(CAP1206)
Added Component: Designator=C11(CAP1206)
Added Component: Designator=C12(CAP1206)
Added Component: Designator=C13(CAP1206)
Added Component: Designator=C14(CAP1206)
Added Component: Designator=C15(CAP1206)
Added Component: Designator=C16(CAP1206)
Added Component: Designator=C17(CAP SMD 100uF 16V)
Added Component: Designator=C18(CAP SMD 100uF 16V)
Added Component: Designator=D1(LED GREEN 1206)
Added Component: Designator=D2(Diode)
Added Component: Designator=D3(LED GREEN 1206)
Added Component: Designator=J1(XH 2pin)
Added Component: Designator=J2(XH 2pin)
Added Component: Designator=J3(XH 2pin)
Added Component: Designator=J4(XH 2pin)
Added Component: Designator=J5(XH 3PIN)
Added Component: Designator=J6(XH 3PIN)
Added Component: Designator=J7(XH 3PIN)
Added Component: Designator=J8(XH 3PIN)
Added Component: Designator=J9(XH 3PIN)
Added Component: Designator=J10(XH 3PIN)
Added Component: Designator=J11(XH 3PIN)
Added Component: Designator=J12(XH 3PIN)
Added Component: Designator=j13(XT60)
Added Component: Designator=J14(H2 MOLEX)
Added Component: Designator=R1(RES1206)
Added Component: Designator=R2(RES1206)
Added Component: Designator=R3(RES1206)
Added Component: Designator=R4(RES1206)
Added Component: Designator=R5(RES1206)
Added Component: Designator=R6(RES1206)
Added Component: Designator=R7(RES1206)
Added Component: Designator=R8(RES1206)
Added Component: Designator=R9(RES1206)
Added Component: Designator=SW1(DIP Switch 2)
Added Component: Designator=SW2(pushbutton)
Added Component: Designator=SW3(pushbutton)
Added Component: Designator=SW4(pushbutton)
Added Component: Designator=SW5(SPDT Switch)
Added Component: Designator=SW6(SPDT Switch)
Added Component: Designator=U1(STM32F103C8T6)
Added Component: Designator=U2(TDAxis12)
Added Component: Designator=U3(L6201)
Added Component: Designator=U4(L6201)
Added Component: Designator=U5(OLED SH1106)
Added Component: Designator=U6(L6201)
Added Component: Designator=U7(L6201)
Added Component: Designator=U8(Crystal Oscilator)
Added Component: Designator=U9(7805 (SOT-252))
Added Component: Designator=U10(AMS1117)
Added Component: Designator=U11(LF33)
Added Pin To Net: NetName=NetC1_1 Pin=C1-1
Added Pin To Net: NetName=GND Pin=C1-2
Added Pin To Net: NetName=NetC2_1 Pin=C2-1
Added Pin To Net: NetName=GND Pin=C2-2
Added Pin To Net: NetName=NetC3_1 Pin=C3-1
Added Pin To Net: NetName=NetC3_2 Pin=C3-2
Added Pin To Net: NetName=NetC4_1 Pin=C4-1
Added Pin To Net: NetName=NetC4_2 Pin=C4-2
Added Pin To Net: NetName=NetC5_1 Pin=C5-1
Added Pin To Net: NetName=NetC3_2 Pin=C5-2
Added Pin To Net: NetName=NetC6_1 Pin=C6-1
Added Pin To Net: NetName=NetC4_2 Pin=C6-2
Added Pin To Net: NetName=NetC5_1 Pin=C7-1
Added Pin To Net: NetName=NetC7_2 Pin=C7-2
Added Pin To Net: NetName=NetC6_1 Pin=C8-1
Added Pin To Net: NetName=NetC8_2 Pin=C8-2
Added Pin To Net: NetName=NetC9_1 Pin=C9-1
Added Pin To Net: NetName=GND Pin=C9-2
Added Pin To Net: NetName=NetC10_1 Pin=C10-1
Added Pin To Net: NetName=GND Pin=C10-2
Added Pin To Net: NetName=NetC11_1 Pin=C11-1
Added Pin To Net: NetName=NetC11_2 Pin=C11-2
Added Pin To Net: NetName=NetC12_1 Pin=C12-1
Added Pin To Net: NetName=NetC12_2 Pin=C12-2
Added Pin To Net: NetName=NetC13_1 Pin=C13-1
Added Pin To Net: NetName=NetC11_2 Pin=C13-2
Added Pin To Net: NetName=NetC14_1 Pin=C14-1
Added Pin To Net: NetName=NetC12_2 Pin=C14-2
Added Pin To Net: NetName=NetC13_1 Pin=C15-1
Added Pin To Net: NetName=NetC15_2 Pin=C15-2
Added Pin To Net: NetName=NetC14_1 Pin=C16-1
Added Pin To Net: NetName=NetC16_2 Pin=C16-2
Added Pin To Net: NetName=GND Pin=C17-1
Added Pin To Net: NetName=NetC17_2 Pin=C17-2
Added Pin To Net: NetName=VCC Pin=C18-2
Added Pin To Net: NetName=NetD1_1 Pin=D1-1
Added Pin To Net: NetName=GND Pin=D1-2
Added Pin To Net: NetName=NetD2_1 Pin=D2-1
Added Pin To Net: NetName=NetD2_2 Pin=D2-2
Added Pin To Net: NetName=NetD3_1 Pin=D3-1
Added Pin To Net: NetName=GND Pin=D3-2
Added Pin To Net: NetName=NetC5_1 Pin=J1-1
Added Pin To Net: NetName=NetC3_2 Pin=J1-2
Added Pin To Net: NetName=NetC6_1 Pin=J2-1
Added Pin To Net: NetName=NetC4_2 Pin=J2-2
Added Pin To Net: NetName=NetC13_1 Pin=J3-1
Added Pin To Net: NetName=NetC11_2 Pin=J3-2
Added Pin To Net: NetName=NetC14_1 Pin=J4-1
Added Pin To Net: NetName=NetC12_2 Pin=J4-2
Added Pin To Net: NetName=GND Pin=J5-1
Added Pin To Net: NetName=VCC Pin=J5-2
Added Pin To Net: NetName=ADC0 Pin=J5-3
Added Pin To Net: NetName=GND Pin=J6-1
Added Pin To Net: NetName=VCC Pin=J6-2
Added Pin To Net: NetName=ADC1 Pin=J6-3
Added Pin To Net: NetName=GND Pin=J7-1
Added Pin To Net: NetName=VCC Pin=J7-2
Added Pin To Net: NetName=ADC2 Pin=J7-3
Added Pin To Net: NetName=GND Pin=J8-1
Added Pin To Net: NetName=VCC Pin=J8-2
Added Pin To Net: NetName=ADC3 Pin=J8-3
Added Pin To Net: NetName=GND Pin=J9-1
Added Pin To Net: NetName=VCC Pin=J9-2
Added Pin To Net: NetName=ADC4 Pin=J9-3
Added Pin To Net: NetName=GND Pin=J10-1
Added Pin To Net: NetName=VCC Pin=J10-2
Added Pin To Net: NetName=ADC5 Pin=J10-3
Added Pin To Net: NetName=GND Pin=J11-1
Added Pin To Net: NetName=VCC Pin=J11-2
Added Pin To Net: NetName=ADC6 Pin=J11-3
Added Pin To Net: NetName=GND Pin=J12-1
Added Pin To Net: NetName=VCC Pin=J12-2
Added Pin To Net: NetName=ADC7 Pin=J12-3
Added Pin To Net: NetName=NetD2_1 Pin=j13-1
Added Pin To Net: NetName=GND Pin=j13-2
Added Pin To Net: NetName=NetD2_1 Pin=J14-1
Added Pin To Net: NetName=GND Pin=J14-2
Added Pin To Net: NetName=SCL Pin=R1-1
Added Pin To Net: NetName=VCC Pin=R1-2
Added Pin To Net: NetName=SDA Pin=R2-1
Added Pin To Net: NetName=VCC Pin=R2-2
Added Pin To Net: NetName=DIP2 Pin=R3-1
Added Pin To Net: NetName=GND Pin=R3-2
Added Pin To Net: NetName=DIP1 Pin=R4-1
Added Pin To Net: NetName=GND Pin=R4-2
Added Pin To Net: NetName=SW1 Pin=R5-1
Added Pin To Net: NetName=GND Pin=R5-2
Added Pin To Net: NetName=BOOT0 Pin=R6-1
Added Pin To Net: NetName=GND Pin=R6-2
Added Pin To Net: NetName=VCC Pin=R7-1
Added Pin To Net: NetName=NRST Pin=R7-2
Added Pin To Net: NetName=NetD1_1 Pin=R8-1
Added Pin To Net: NetName=+12 Pin=R8-2
Added Pin To Net: NetName=NetD3_1 Pin=R9-1
Added Pin To Net: NetName=VCC Pin=R9-2
Added Pin To Net: NetName=VCC Pin=SW1-1
Added Pin To Net: NetName=VCC Pin=SW1-2
Added Pin To Net: NetName=DIP2 Pin=SW1-3
Added Pin To Net: NetName=DIP1 Pin=SW1-4
Added Pin To Net: NetName=VCC Pin=SW2-1
Added Pin To Net: NetName=SW1 Pin=SW2-2
Added Pin To Net: NetName=VCC Pin=SW3-1
Added Pin To Net: NetName=BOOT0 Pin=SW3-2
Added Pin To Net: NetName=GND Pin=SW4-1
Added Pin To Net: NetName=NRST Pin=SW4-2
Added Pin To Net: NetName=+12 Pin=SW5-1
Added Pin To Net: NetName=NetD2_2 Pin=SW5-2
Added Pin To Net: NetName=NetSW6_1 Pin=SW6-1
Added Pin To Net: NetName=NetD2_2 Pin=SW6-2
Added Pin To Net: NetName=MUX_ADD4 Pin=U1-2
Added Pin To Net: NetName=SPIN Pin=U1-3
Added Pin To Net: NetName=SHOOT Pin=U1-4
Added Pin To Net: NetName=OSC_IN Pin=U1-5
Added Pin To Net: NetName=OSC_OUT Pin=U1-6
Added Pin To Net: NetName=NRST Pin=U1-7
Added Pin To Net: NetName=GND Pin=U1-8
Added Pin To Net: NetName=VCC Pin=U1-9
Added Pin To Net: NetName=ADC0 Pin=U1-10
Added Pin To Net: NetName=ADC1 Pin=U1-11
Added Pin To Net: NetName=ADC2 Pin=U1-12
Added Pin To Net: NetName=ADC3 Pin=U1-13
Added Pin To Net: NetName=ADC4 Pin=U1-14
Added Pin To Net: NetName=ADC5 Pin=U1-15
Added Pin To Net: NetName=ADC6 Pin=U1-16
Added Pin To Net: NetName=ADC7 Pin=U1-17
Added Pin To Net: NetName=ADC8 Pin=U1-18
Added Pin To Net: NetName=ADC9 Pin=U1-19
Added Pin To Net: NetName=MUX_ADD1 Pin=U1-20
Added Pin To Net: NetName=SCL Pin=U1-21
Added Pin To Net: NetName=SDA Pin=U1-22
Added Pin To Net: NetName=GND Pin=U1-23
Added Pin To Net: NetName=VCC Pin=U1-24
Added Pin To Net: NetName=IN4 Pin=U1-25
Added Pin To Net: NetName=IN3 Pin=U1-26
Added Pin To Net: NetName=IN2 Pin=U1-27
Added Pin To Net: NetName=IN1 Pin=U1-28
Added Pin To Net: NetName=PWM4 Pin=U1-29
Added Pin To Net: NetName=RX Pin=U1-30
Added Pin To Net: NetName=TX Pin=U1-31
Added Pin To Net: NetName=DIP1 Pin=U1-32
Added Pin To Net: NetName=DIP2 Pin=U1-33
Added Pin To Net: NetName=SWIO Pin=U1-34
Added Pin To Net: NetName=GND Pin=U1-35
Added Pin To Net: NetName=VCC Pin=U1-36
Added Pin To Net: NetName=SWCLK Pin=U1-37
Added Pin To Net: NetName=ID Pin=U1-38
Added Pin To Net: NetName=SW1 Pin=U1-39
Added Pin To Net: NetName=COMMUNICATION_MODULE Pin=U1-40
Added Pin To Net: NetName=MUX_ADD2 Pin=U1-41
Added Pin To Net: NetName=PWM3 Pin=U1-42
Added Pin To Net: NetName=PWM2 Pin=U1-43
Added Pin To Net: NetName=BOOT0 Pin=U1-44
Added Pin To Net: NetName=PWM1 Pin=U1-45
Added Pin To Net: NetName=MUX_ADD3 Pin=U1-46
Added Pin To Net: NetName=GND Pin=U1-47
Added Pin To Net: NetName=VCC Pin=U1-48
Added Pin To Net: NetName=VCC Pin=U2-1
Added Pin To Net: NetName=GND Pin=U2-2
Added Pin To Net: NetName=SCL Pin=U2-5
Added Pin To Net: NetName=SDA Pin=U2-6
Added Pin To Net: NetName=GND Pin=U3-1
Added Pin To Net: NetName=VCC Pin=U3-2
Added Pin To Net: NetName=GND Pin=U3-4
Added Pin To Net: NetName=GND Pin=U3-5
Added Pin To Net: NetName=GND Pin=U3-6
Added Pin To Net: NetName=GND Pin=U3-7
Added Pin To Net: NetName=NetC5_1 Pin=U3-9
Added Pin To Net: NetName=+12 Pin=U3-10
Added Pin To Net: NetName=NetC3_2 Pin=U3-11
Added Pin To Net: NetName=NetC3_1 Pin=U3-12
Added Pin To Net: NetName=IN1 Pin=U3-13
Added Pin To Net: NetName=GND Pin=U3-14
Added Pin To Net: NetName=GND Pin=U3-15
Added Pin To Net: NetName=GND Pin=U3-16
Added Pin To Net: NetName=GND Pin=U3-17
Added Pin To Net: NetName=PWM1 Pin=U3-18
Added Pin To Net: NetName=NetC7_2 Pin=U3-19
Added Pin To Net: NetName=NetC2_1 Pin=U3-20
Added Pin To Net: NetName=GND Pin=U4-1
Added Pin To Net: NetName=VCC Pin=U4-2
Added Pin To Net: NetName=GND Pin=U4-4
Added Pin To Net: NetName=GND Pin=U4-5
Added Pin To Net: NetName=GND Pin=U4-6
Added Pin To Net: NetName=GND Pin=U4-7
Added Pin To Net: NetName=NetC6_1 Pin=U4-9
Added Pin To Net: NetName=+12 Pin=U4-10
Added Pin To Net: NetName=NetC4_2 Pin=U4-11
Added Pin To Net: NetName=NetC4_1 Pin=U4-12
Added Pin To Net: NetName=IN2 Pin=U4-13
Added Pin To Net: NetName=GND Pin=U4-14
Added Pin To Net: NetName=GND Pin=U4-15
Added Pin To Net: NetName=GND Pin=U4-16
Added Pin To Net: NetName=GND Pin=U4-17
Added Pin To Net: NetName=PWM2 Pin=U4-18
Added Pin To Net: NetName=NetC8_2 Pin=U4-19
Added Pin To Net: NetName=NetC1_1 Pin=U4-20
Added Pin To Net: NetName=VCC Pin=U5-1
Added Pin To Net: NetName=GND Pin=U5-2
Added Pin To Net: NetName=SCL Pin=U5-3
Added Pin To Net: NetName=SDA Pin=U5-4
Added Pin To Net: NetName=GND Pin=U6-1
Added Pin To Net: NetName=VCC Pin=U6-2
Added Pin To Net: NetName=GND Pin=U6-4
Added Pin To Net: NetName=GND Pin=U6-5
Added Pin To Net: NetName=GND Pin=U6-6
Added Pin To Net: NetName=GND Pin=U6-7
Added Pin To Net: NetName=NetC13_1 Pin=U6-9
Added Pin To Net: NetName=+12 Pin=U6-10
Added Pin To Net: NetName=NetC11_2 Pin=U6-11
Added Pin To Net: NetName=NetC11_1 Pin=U6-12
Added Pin To Net: NetName=IN4 Pin=U6-13
Added Pin To Net: NetName=GND Pin=U6-14
Added Pin To Net: NetName=GND Pin=U6-15
Added Pin To Net: NetName=GND Pin=U6-16
Added Pin To Net: NetName=GND Pin=U6-17
Added Pin To Net: NetName=PWM4 Pin=U6-18
Added Pin To Net: NetName=NetC15_2 Pin=U6-19
Added Pin To Net: NetName=NetC9_1 Pin=U6-20
Added Pin To Net: NetName=GND Pin=U7-1
Added Pin To Net: NetName=VCC Pin=U7-2
Added Pin To Net: NetName=GND Pin=U7-4
Added Pin To Net: NetName=GND Pin=U7-5
Added Pin To Net: NetName=GND Pin=U7-6
Added Pin To Net: NetName=GND Pin=U7-7
Added Pin To Net: NetName=NetC14_1 Pin=U7-9
Added Pin To Net: NetName=+12 Pin=U7-10
Added Pin To Net: NetName=NetC12_2 Pin=U7-11
Added Pin To Net: NetName=NetC12_1 Pin=U7-12
Added Pin To Net: NetName=IN3 Pin=U7-13
Added Pin To Net: NetName=GND Pin=U7-14
Added Pin To Net: NetName=GND Pin=U7-15
Added Pin To Net: NetName=GND Pin=U7-16
Added Pin To Net: NetName=GND Pin=U7-17
Added Pin To Net: NetName=PWM3 Pin=U7-18
Added Pin To Net: NetName=NetC16_2 Pin=U7-19
Added Pin To Net: NetName=NetC10_1 Pin=U7-20
Added Pin To Net: NetName=OSC_OUT Pin=U8-1
Added Pin To Net: NetName=OSC_IN Pin=U8-2
Added Pin To Net: NetName=NetSW6_1 Pin=U9-1
Added Pin To Net: NetName=NetC17_2 Pin=U9-3
Added Pin To Net: NetName=GND Pin=U9-4
Added Pin To Net: NetName=GND Pin=U10-1
Added Pin To Net: NetName=VCC Pin=U10-2
Added Pin To Net: NetName=NetC17_2 Pin=U10-3
Added Pin To Net: NetName=VCC Pin=U10-4
Added Pin To Net: NetName=NetSW6_1 Pin=U11-1
Added Pin To Net: NetName=VCC Pin=U11-3
Added Pin To Net: NetName=GND Pin=U11-4
Added Member To Class: ClassName=ATT-Light Member=Component C1 100nF
Added Member To Class: ClassName=ATT-Light Member=Component C2 100nF
Added Member To Class: ClassName=ATT-Light Member=Component C3 100nF
Added Member To Class: ClassName=ATT-Light Member=Component C4 100nF
Added Member To Class: ClassName=ATT-Light Member=Component C5 100nF
Added Member To Class: ClassName=ATT-Light Member=Component C6 100nF
Added Member To Class: ClassName=ATT-Light Member=Component C7 100nF
Added Member To Class: ClassName=ATT-Light Member=Component C8 100nF
Added Member To Class: ClassName=ATT-Light Member=Component C9 100nF
Added Member To Class: ClassName=ATT-Light Member=Component C10 100nF
Added Member To Class: ClassName=ATT-Light Member=Component C11 100nF
Added Member To Class: ClassName=ATT-Light Member=Component C12 100nF
Added Member To Class: ClassName=ATT-Light Member=Component C13 100nF
Added Member To Class: ClassName=ATT-Light Member=Component C14 100nF
Added Member To Class: ClassName=ATT-Light Member=Component C15 100nF
Added Member To Class: ClassName=ATT-Light Member=Component C16 100nF
Added Member To Class: ClassName=ATT-Light Member=Component C17 CAP
Added Member To Class: ClassName=ATT-Light Member=Component C18 CAP
Added Member To Class: ClassName=ATT-Light Member=Component D1 LED
Added Member To Class: ClassName=ATT-Light Member=Component D2 DIODE
Added Member To Class: ClassName=ATT-Light Member=Component D3 LED
Added Member To Class: ClassName=ATT-Light Member=Component J1 XH2
Added Member To Class: ClassName=ATT-Light Member=Component J2 XH2
Added Member To Class: ClassName=ATT-Light Member=Component J3 XH2
Added Member To Class: ClassName=ATT-Light Member=Component J4 XH2
Added Member To Class: ClassName=ATT-Light Member=Component J5 XH3
Added Member To Class: ClassName=ATT-Light Member=Component J6 XH3
Added Member To Class: ClassName=ATT-Light Member=Component J7 XH3
Added Member To Class: ClassName=ATT-Light Member=Component J8 XH3
Added Member To Class: ClassName=ATT-Light Member=Component J9 XH3
Added Member To Class: ClassName=ATT-Light Member=Component J10 XH3
Added Member To Class: ClassName=ATT-Light Member=Component J11 XH3
Added Member To Class: ClassName=ATT-Light Member=Component J12 XH3
Added Member To Class: ClassName=ATT-Light Member=Component j13 XT60
Added Member To Class: ClassName=ATT-Light Member=Component J14 H2
Added Member To Class: ClassName=ATT-Light Member=Component R1 10K
Added Member To Class: ClassName=ATT-Light Member=Component R2 10K
Added Member To Class: ClassName=ATT-Light Member=Component R3 10K
Added Member To Class: ClassName=ATT-Light Member=Component R4 10K
Added Member To Class: ClassName=ATT-Light Member=Component R5 10K
Added Member To Class: ClassName=ATT-Light Member=Component R6 10K
Added Member To Class: ClassName=ATT-Light Member=Component R7 10K
Added Member To Class: ClassName=ATT-Light Member=Component R8 1K
Added Member To Class: ClassName=ATT-Light Member=Component R9 1K
Added Member To Class: ClassName=ATT-Light Member=Component SW1 DIP
Added Member To Class: ClassName=ATT-Light Member=Component SW2 Switch
Added Member To Class: ClassName=ATT-Light Member=Component SW3 Switch
Added Member To Class: ClassName=ATT-Light Member=Component SW4 Switch
Added Member To Class: ClassName=ATT-Light Member=Component SW5 SW
Added Member To Class: ClassName=ATT-Light Member=Component SW6 SW
Added Member To Class: ClassName=ATT-Light Member=Component U1 STM32F103C8T6
Added Member To Class: ClassName=ATT-Light Member=Component U2 TDAxis12
Added Member To Class: ClassName=ATT-Light Member=Component U3 L6201
Added Member To Class: ClassName=ATT-Light Member=Component U4 L6201
Added Member To Class: ClassName=ATT-Light Member=Component U5 OLED
Added Member To Class: ClassName=ATT-Light Member=Component U6 L6201
Added Member To Class: ClassName=ATT-Light Member=Component U7 L6201
Added Member To Class: ClassName=ATT-Light Member=Component U8 Oscilator
Added Member To Class: ClassName=ATT-Light Member=Component U9 7805
Added Member To Class: ClassName=ATT-Light Member=Component U10 1117
Added Member To Class: ClassName=ATT-Light Member=Component U11 LF33
Added Room: Name=ATT-Light
