Change Component Designator: OldDesignator=C17 NewDesignator=C20
Change Component Designator: OldDesignator=C18 NewDesignator=C21
Change Component Designator: OldDesignator=C19 NewDesignator=C25
Change Component Designator: OldDesignator=C20 NewDesignator=C26
Change Component Designator: OldDesignator=C21 NewDesignator=C27
Change Component Designator: OldDesignator=C22 NewDesignator=C28
Change Component Designator: OldDesignator=C23 NewDesignator=C29
Change Component Designator: OldDesignator=C24 NewDesignator=C30
Added Component: Designator=C17(CAP1206)
Added Component: Designator=C18(CAP1206)
Added Component: Designator=C19(CAP1206)
Added Component: Designator=C22(CAP1206)
Added Component: Designator=C23(CAP1206)
Added Component: Designator=C24(CAP1206)
Added Pin To Net: NetName=OSC_IN Pin=C17-1
Added Pin To Net: NetName=GND Pin=C17-2
Added Pin To Net: NetName=GND Pin=C18-1
Added Pin To Net: NetName=VCC Pin=C18-2
Added Pin To Net: NetName=OSC_OUT Pin=C19-1
Added Pin To Net: NetName=GND Pin=C19-2
Added Pin To Net: NetName=GND Pin=C22-1
Added Pin To Net: NetName=VCC Pin=C22-2
Added Pin To Net: NetName=GND Pin=C23-1
Added Pin To Net: NetName=VCC Pin=C23-2
Added Pin To Net: NetName=GND Pin=C24-1
Added Pin To Net: NetName=VCC Pin=C24-2
Change Net Name : Old Net Name=NetC17_2 New Net Name=NetC20_2
Added Member To Class: ClassName=ATT-Light Member=Component C25 1000uF
Added Member To Class: ClassName=ATT-Light Member=Component C26 1000uF
Added Member To Class: ClassName=ATT-Light Member=Component C27 1000uF
Added Member To Class: ClassName=ATT-Light Member=Component C28 1000uF
Added Member To Class: ClassName=ATT-Light Member=Component C29 1000uF
Added Member To Class: ClassName=ATT-Light Member=Component C30 1000uF
