Change Component Designator: Old Designator=C3 New Designator=C4
Change Component Designator: Old Designator=C4 New Designator=C3
Change Component Designator: Old Designator=C5 New Designator=C6
Change Component Designator: Old Designator=C6 New Designator=C5
Change Component Designator: Old Designator=C7 New Designator=C8
Change Component Designator: Old Designator=C8 New Designator=C7
Change Component Designator: Old Designator=J1 New Designator=J2
Change Component Designator: Old Designator=J2 New Designator=J1
Change Component Designator: Old Designator=R4 New Designator=R3
Change Component Designator: Old Designator=R5 New Designator=R4
Change Component Designator: Old Designator=R6 New Designator=R5
Change Component Designator: Old Designator=R7 New Designator=R6
Change Component Designator: Old Designator=R8 New Designator=R7
Change Component Designator: Old Designator=SW3 New Designator=SW2
Change Component Designator: Old Designator=SW4 New Designator=SW3
Change Component Designator: Old Designator=SW5 New Designator=SW4
Change Component Designator: Old Designator=SW6 New Designator=SW5
Change Component Designator: Old Designator=SW7 New Designator=SW6
Change Component Designator: Old Designator=U2 New Designator=U4
Change Component Designator: Old Designator=U4 New Designator=U6
Change Component Designator: Old Designator=U5 New Designator=U7
Change Component Designator: Old Designator=U6 New Designator=U8
Change Component Designator: Old Designator=U7 New Designator=U9
Change Component Designator: Old Designator=U8 New Designator=U10
Change Component Designator: Old Designator=U9 New Designator=U11
Change Component Designator: Old Designator=U? New Designator=U2
Change Component Designator: Old Designator=U? New Designator=U5
