Change Component Designator: Old Designator=D2 New Designator=D3
Change Component Designator: Old Designator=D3 New Designator=D4
Change Component Designator: Old Designator=D4 New Designator=D5
Change Component Designator: Old Designator=D? New Designator=D2
Change Component Designator: Old Designator=J10 New Designator=J11
Change Component Designator: Old Designator=J11 New Designator=J12
Change Component Designator: Old Designator=J12 New Designator=J13
Change Component Designator: Old Designator=J13 New Designator=J14
Change Component Designator: Old Designator=J14 New Designator=J16
Change Component Designator: Old Designator=J15 New Designator=J17
Change Component Designator: Old Designator=J16 New Designator=J18
Change Component Designator: Old Designator=J17 New Designator=J19
Change Component Designator: Old Designator=j18 New Designator=j20
Change Component Designator: Old Designator=J19 New Designator=J21
Change Component Designator: Old Designator=J? New Designator=J10
Change Component Designator: Old Designator=J? New Designator=J15
Change Component Designator: Old Designator=R3 New Designator=R4
Change Component Designator: Old Designator=R4 New Designator=R5
Change Component Designator: Old Designator=R5 New Designator=R6
Change Component Designator: Old Designator=R6 New Designator=R7
Change Component Designator: Old Designator=R7 New Designator=R8
Change Component Designator: Old Designator=R8 New Designator=R13
Change Component Designator: Old Designator=R9 New Designator=R14
Change Component Designator: Old Designator=R? New Designator=R3
Change Component Designator: Old Designator=R? New Designator=R9
Change Component Designator: Old Designator=R? New Designator=R10
Change Component Designator: Old Designator=R? New Designator=R11
Change Component Designator: Old Designator=R? New Designator=R12
Change Component Designator: Old Designator=T? New Designator=T1
Change Component Designator: Old Designator=T? New Designator=T2
Change Component Designator: Old Designator=U8 New Designator=U9
Change Component Designator: Old Designator=U9 New Designator=U10
Change Component Designator: Old Designator=U10 New Designator=U11
Change Component Designator: Old Designator=U11 New Designator=U12
Change Component Designator: Old Designator=U? New Designator=U8
