Change Component Designator: OldDesignator=C4 NewDesignator=C5
Change Component Designator: OldDesignator=C5 NewDesignator=C7
Change Component Designator: OldDesignator=C6 NewDesignator=C8
Change Component Designator: OldDesignator=C7 NewDesignator=C9
Change Component Designator: OldDesignator=C8 NewDesignator=C10
Change Component Designator: OldDesignator=C9 NewDesignator=C11
Change Component Designator: OldDesignator=C10 NewDesignator=C12
Change Component Designator: OldDesignator=C11 NewDesignator=C13
Change Component Designator: OldDesignator=C12 NewDesignator=C14
Change Component Designator: OldDesignator=C13 NewDesignator=C15
Change Component Designator: OldDesignator=C14 NewDesignator=C16
Change Component Designator: OldDesignator=C15 NewDesignator=C17
Change Component Designator: OldDesignator=C16 NewDesignator=C19
Change Component Designator: OldDesignator=C17 NewDesignator=C20
Change Component Designator: OldDesignator=J24 NewDesignator=J25
Change Component Designator: OldDesignator=J25 NewDesignator=J26
Change Component Designator: OldDesignator=J26 NewDesignator=J27
Change Component Designator: OldDesignator=J27 NewDesignator=J28
Change Component Designator: OldDesignator=J28 NewDesignator=J29
Change Component Designator: OldDesignator=J29 NewDesignator=J30
Change Component Designator: OldDesignator=J30 NewDesignator=J31
Change Component Designator: OldDesignator=J31 NewDesignator=J32
Change Component Designator: OldDesignator=J32 NewDesignator=J33
Change Component Designator: OldDesignator=J33 NewDesignator=J35
Change Component Designator: OldDesignator=J34 NewDesignator=J36
Change Component Designator: OldDesignator=J35 NewDesignator=J37
Change Component Designator: OldDesignator=J36 NewDesignator=J38
Change Component Designator: OldDesignator=J37 NewDesignator=J41
Change Component Designator: OldDesignator=j38 NewDesignator=j42
Change Component Designator: OldDesignator=J39 NewDesignator=J24
Change Component Designator: OldDesignator=J40 NewDesignator=J43
Change Component Designator: OldDesignator=R6 NewDesignator=R8
Change Component Designator: OldDesignator=R7 NewDesignator=R9
Change Component Designator: OldDesignator=R8 NewDesignator=R10
Change Component Designator: OldDesignator=R9 NewDesignator=R11
Change Component Designator: OldDesignator=R10 NewDesignator=R12
Change Component Designator: OldDesignator=R11 NewDesignator=R13
Change Component Designator: OldDesignator=R12 NewDesignator=R14
Change Component Designator: OldDesignator=R13 NewDesignator=R15
Change Component Designator: OldDesignator=R14 NewDesignator=R16
Change Component Designator: OldDesignator=R15 NewDesignator=R17
Change Component Designator: OldDesignator=R16 NewDesignator=R18
Change Component Designator: OldDesignator=R17 NewDesignator=R19
Change Component Designator: OldDesignator=R18 NewDesignator=R20
Change Component Designator: OldDesignator=R19 NewDesignator=R6
Change Component Designator: OldDesignator=R20 NewDesignator=R7
Change Component Designator: OldDesignator=U7 NewDesignator=U8
Change Component Designator: OldDesignator=U8 NewDesignator=U9
Change Component Designator: OldDesignator=U9 NewDesignator=U10
Change Component Designator: OldDesignator=U10 NewDesignator=U12
Added Component: Designator=C4(CAP1206)
Added Component: Designator=C6(CAP1206)
Added Component: Designator=C18(CAP1206)
Added Component: Designator=J34(Jumper)
Added Component: Designator=J39(Jumper)
Added Component: Designator=J40(XH 4PIN)
Added Component: Designator=U7(CH340G)
Added Component: Designator=U11(Crystal Oscilator)
Added Component: Designator=USB1(USB Type C 12pin)
Added Pin To Net: NetName=GND Pin=C4-1
Added Pin To Net: NetName=GND Pin=C6-2
Added Pin To Net: NetName=GND Pin=C18-2
Added Pin To Net: NetName=VCC Pin=J34-2
Added Pin To Net: NetName=+5 Pin=J39-2
Added Pin To Net: NetName=GND Pin=J40-2
Added Pin To Net: NetName=RX2 Pin=J40-3
Added Pin To Net: NetName=TX2 Pin=J40-4
Added Pin To Net: NetName=GND Pin=U7-1
Added Pin To Net: NetName=TX2 Pin=U7-2
Added Pin To Net: NetName=RX2 Pin=U7-3
Added Pin To Net: NetName=VCC Pin=U7-16
Added Pin To Net: NetName=GND Pin=USB1-1
Added Pin To Net: NetName=+5 Pin=USB1-4
Added Pin To Net: NetName=+5 Pin=USB1-9
Added Pin To Net: NetName=GND Pin=USB1-12
Added Pin To Net: NetName=GND Pin=USB1-13
Added Pin To Net: NetName=GND Pin=USB1-14
Added Pin To Net: NetName=GND Pin=USB1-15
Added Pin To Net: NetName=GND Pin=USB1-16
Change Net Name : Old Net Name=NetC17_2 New Net Name=NetC20_2
Change Net Name : Old Net Name=NetJ24_2 New Net Name=NetJ25_2
Change Net Name : Old Net Name=NetJ25_2 New Net Name=NetJ26_2
Change Net Name : Old Net Name=NetJ39_2 New Net Name=NetJ24_2
Change Net Name : Old Net Name=NetR19_1 New Net Name=NetR6_1
Added Pin To Net: NetName=DN Pin=U7-6
Added Pin To Net: NetName=DN Pin=USB1-6
Added Net: Name=DN
Added Pin To Net: NetName=DP Pin=U7-5
Added Pin To Net: NetName=DP Pin=USB1-7
Added Net: Name=DP
Added Pin To Net: NetName=NetC4_2 Pin=C4-2
Added Pin To Net: NetName=NetC4_2 Pin=U7-4
Added Net: Name=NetC4_2
Added Pin To Net: NetName=NetJ34_1 Pin=J34-1
Added Pin To Net: NetName=NetJ34_1 Pin=J39-1
Added Pin To Net: NetName=NetJ34_1 Pin=J40-1
Added Net: Name=NetJ34_1
Added Pin To Net: NetName=XI Pin=C6-1
Added Pin To Net: NetName=XI Pin=U7-7
Added Pin To Net: NetName=XI Pin=U11-2
Added Net: Name=XI
Added Pin To Net: NetName=XO Pin=C18-1
Added Pin To Net: NetName=XO Pin=U7-8
Added Pin To Net: NetName=XO Pin=U11-1
Added Net: Name=XO
Added Member To Class: ClassName=ATT-Open Member=Component C18 CAP
Added Member To Class: ClassName=ATT-Open Member=Component C19 CAP
Added Member To Class: ClassName=ATT-Open Member=Component C20 CAP
Added Member To Class: ClassName=ATT-Open Member=Component J41 XH2
Added Member To Class: ClassName=ATT-Open Member=Component j42 XT60
Added Member To Class: ClassName=ATT-Open Member=Component J43 H2
Added Member To Class: ClassName=ATT-Open Member=Component U11 Oscilator
Added Member To Class: ClassName=ATT-Open Member=Component U12 LM2596
Added Member To Class: ClassName=ATT-Open Member=Component USB1 TYPE C
