Change Component Designator: Old Designator=C5 New Designator=C6
Change Component Designator: Old Designator=C6 New Designator=C7
Change Component Designator: Old Designator=C7 New Designator=C8
Change Component Designator: Old Designator=C8 New Designator=C9
Change Component Designator: Old Designator=C9 New Designator=C10
Change Component Designator: Old Designator=C10 New Designator=C11
Change Component Designator: Old Designator=C11 New Designator=C12
Change Component Designator: Old Designator=C12 New Designator=C13
Change Component Designator: Old Designator=C13 New Designator=C14
Change Component Designator: Old Designator=C14 New Designator=C15
Change Component Designator: Old Designator=C15 New Designator=C16
Change Component Designator: Old Designator=C16 New Designator=C18
Change Component Designator: Old Designator=C17 New Designator=C19
Change Component Designator: Old Designator=C? New Designator=C5
Change Component Designator: Old Designator=C? New Designator=C17
Change Component Designator: Old Designator=J24 New Designator=J25
Change Component Designator: Old Designator=J25 New Designator=J26
Change Component Designator: Old Designator=J26 New Designator=J27
Change Component Designator: Old Designator=J27 New Designator=J28
Change Component Designator: Old Designator=J28 New Designator=J29
Change Component Designator: Old Designator=J29 New Designator=J30
Change Component Designator: Old Designator=J30 New Designator=J31
Change Component Designator: Old Designator=J31 New Designator=J32
Change Component Designator: Old Designator=J32 New Designator=J33
Change Component Designator: Old Designator=J33 New Designator=J34
Change Component Designator: Old Designator=J34 New Designator=J35
Change Component Designator: Old Designator=J35 New Designator=J36
Change Component Designator: Old Designator=J36 New Designator=J37
Change Component Designator: Old Designator=J37 New Designator=J38
Change Component Designator: Old Designator=J38 New Designator=J39
Change Component Designator: Old Designator=J39 New Designator=J40
Change Component Designator: Old Designator=J40 New Designator=J41
Change Component Designator: Old Designator=j41 New Designator=j42
Change Component Designator: Old Designator=J42 New Designator=J24
Change Component Designator: Old Designator=R6 New Designator=R8
Change Component Designator: Old Designator=R7 New Designator=R9
Change Component Designator: Old Designator=R8 New Designator=R10
Change Component Designator: Old Designator=R9 New Designator=R11
Change Component Designator: Old Designator=R10 New Designator=R12
Change Component Designator: Old Designator=R11 New Designator=R13
Change Component Designator: Old Designator=R12 New Designator=R14
Change Component Designator: Old Designator=R13 New Designator=R15
Change Component Designator: Old Designator=R14 New Designator=R16
Change Component Designator: Old Designator=R15 New Designator=R17
Change Component Designator: Old Designator=R16 New Designator=R18
Change Component Designator: Old Designator=R17 New Designator=R19
Change Component Designator: Old Designator=R18 New Designator=R20
Change Component Designator: Old Designator=R19 New Designator=R6
Change Component Designator: Old Designator=R20 New Designator=R7
Change Component Designator: Old Designator=U11 New Designator=U12
Change Component Designator: Old Designator=U? New Designator=U11
