Added Member To Class: ClassName=ATT-Open Member=Component C4 CAP
Added Member To Class: ClassName=ATT-Open Member=Component C6 CAP
Added Member To Class: ClassName=ATT-Open Member=Component C7 CAP
Added Member To Class: ClassName=ATT-Open Member=Component C9 CAP
Added Member To Class: ClassName=ATT-Open Member=Component C10 CAP
Added Member To Class: ClassName=ATT-Open Member=Component C12 CAP
Added Member To Class: ClassName=ATT-Open Member=Component C13 1000uF
Added Member To Class: ClassName=ATT-Open Member=Component C14 1000uF
Added Member To Class: ClassName=ATT-Open Member=Component C15 1000uF
Added Member To Class: ClassName=ATT-Open Member=Component C16 1000uF
Added Member To Class: ClassName=ATT-Open Member=Component C17 1000uF
Added Member To Class: ClassName=ATT-Open Member=Component J24 XH2
Added Member To Class: ClassName=ATT-Open Member=Component J26 Jumper
Added Member To Class: ClassName=ATT-Open Member=Component J27 Jumper
Added Member To Class: ClassName=ATT-Open Member=Component J28 XH3
Added Member To Class: ClassName=ATT-Open Member=Component J30 XH3
Added Member To Class: ClassName=ATT-Open Member=Component J31 XH3
Added Member To Class: ClassName=ATT-Open Member=Component J33 Jumper
Added Member To Class: ClassName=ATT-Open Member=Component J34 Jumper
Added Member To Class: ClassName=ATT-Open Member=Component J35 XH3
Added Member To Class: ClassName=ATT-Open Member=Component J36 XH3
Added Member To Class: ClassName=ATT-Open Member=Component J37 XH3
Added Member To Class: ClassName=ATT-Open Member=Component J39 Jumper
Added Member To Class: ClassName=ATT-Open Member=Component J40 XH4
Added Member To Class: ClassName=ATT-Open Member=Component R6 100
Added Member To Class: ClassName=ATT-Open Member=Component R8 10K
Added Member To Class: ClassName=ATT-Open Member=Component R9 10K
Added Member To Class: ClassName=ATT-Open Member=Component R10 10K
Added Member To Class: ClassName=ATT-Open Member=Component R11 10K
Added Member To Class: ClassName=ATT-Open Member=Component R12 10K
Added Member To Class: ClassName=ATT-Open Member=Component R13 10K
Added Member To Class: ClassName=ATT-Open Member=Component R14 10K
Added Member To Class: ClassName=ATT-Open Member=Component R15 10K
Added Member To Class: ClassName=ATT-Open Member=Component R17 10K
Added Member To Class: ClassName=ATT-Open Member=Component R18 10K
Added Member To Class: ClassName=ATT-Open Member=Component R20 1K
Added Member To Class: ClassName=ATT-Open Member=Component U7 CH340G
Added Member To Class: ClassName=ATT-Open Member=Component U8 Oscilator
Added Member To Class: ClassName=ATT-Open Member=Component U10 1117
